// Jest Snapshot v1, https://goo.gl/fbAQLP

exports[`Testing the WeatherCard component should match the snapshot 1`] = `"<div style=\\"display:flex;flex-direction:column;align-items:center;margin-bottom:16px;line-height:32px;letter-spacing:1.8px;font-weight:bold\\"><div><img alt=\\"Weather icon\\" src=\\"\\"/></div><div style=\\"display:flex;justify-content:flex-start;align-items:center;font-size:20px\\"><div><div>Humidity:</div><div>Temperature:</div><div>Weather Description:</div><div>Country:</div><div>Local Time:</div></div><div style=\\"display:flex;align-items:flex-end;flex-direction:column;font-size:20px\\"><div>10</div><div>20</div><div>It is warm</div><div>USA</div><div>Invalid Date</div></div></div></div>"`;
